
remote delete /DISK$USER/username/vms_grep/vms_cfgprobe_batch.log: No such file or directory


Job vms_cfgprobe (queue X86VMS_BATCH, entry 944) started on X86VMS_BATCH
$ Set NoOn
$ VERIFY = F$VERIFY(F$TRNLNM("SYLOGIN_VERIFY"))
CCQUAL /NAMES=(AS_IS,SHORTENED)/FLOAT=IEEE_FLOAT/IEEE_MODE=DENORM_RESULTS/PREFIX_LIBRARY_ENTRIES=ALL_ENTRIES/DEFINE=(_LARGEFILE,_USE_STD_STAT,_POSIX_EXIT)
RESULT ac_cv_func___xpg_strerror_r no
RESULT ac_cv_func__chsize no
RESULT ac_cv_func__set_invalid_parameter_handler no
RESULT ac_cv_func_btowc yes
RESULT ac_cv_func_catgets yes
RESULT ac_cv_func_closedir yes
RESULT ac_cv_func_dirfd no
RESULT ac_cv_func_duplocale no
RESULT ac_cv_func_error no
RESULT ac_cv_func_fchdir no
RESULT ac_cv_func_fcntl yes
RESULT ac_cv_func_fdopendir no
RESULT ac_cv_func_fnmatch no
RESULT ac_cv_func_freelocale no
RESULT ac_cv_func_fstatat no
RESULT ac_cv_func_fstatfs no
RESULT ac_cv_func_ftruncate yes
RESULT ac_cv_func_fts_open no
RESULT ac_cv_func_getdtablesize yes
RESULT ac_cv_func_getexecname no
RESULT ac_cv_func_getlocalename_l no
RESULT ac_cv_func_getopt_long_only no
RESULT ac_cv_func_getprogname no
RESULT ac_cv_func_getrlimit no
RESULT ac_cv_func_gettimeofday yes
RESULT ac_cv_func_inet_pton yes
RESULT ac_cv_func_initstate yes
RESULT ac_cv_func_ioctl yes
RESULT ac_cv_func_isblank yes
RESULT ac_cv_func_iswblank yes
RESULT ac_cv_func_iswcntrl yes
RESULT ac_cv_func_iswctype yes
RESULT ac_cv_func_lstat yes
RESULT ac_cv_func_mbrlen yes
RESULT ac_cv_func_mbrtowc yes
RESULT ac_cv_func_mbsinit yes
RESULT ac_cv_func_mbsrtowcs yes
RESULT ac_cv_func_mbtowc yes
RESULT ac_cv_func_mempcpy no
RESULT ac_cv_func_memrchr no
RESULT ac_cv_func_mmap yes
RESULT ac_cv_func_mprotect yes
RESULT ac_cv_func_newlocale no
RESULT ac_cv_func_nl_langinfo yes
RESULT ac_cv_func_openat no
RESULT ac_cv_func_opendir yes
RESULT ac_cv_func_pipe yes
RESULT ac_cv_func_pselect no
RESULT ac_cv_func_pthread_atfork no
RESULT ac_cv_func_pthread_sigmask yes
RESULT ac_cv_func_raise yes
RESULT ac_cv_func_random_r no
RESULT ac_cv_func_rawmemchr no
RESULT ac_cv_func_readdir yes
RESULT ac_cv_func_reallocarray no
RESULT ac_cv_func_setdtablesize no
RESULT ac_cv_func_setenv yes
RESULT ac_cv_func_setlocale yes
RESULT ac_cv_func_setrlimit no
RESULT ac_cv_func_setstate yes
RESULT ac_cv_func_shutdown yes
RESULT ac_cv_func_sigaltstack no
RESULT ac_cv_func_sigprocmask yes
RESULT ac_cv_func_sleep yes
RESULT ac_cv_func_snprintf yes
RESULT ac_cv_func_stpcpy yes
RESULT ac_cv_func_strerror_r yes
RESULT ac_cv_func_strnlen yes
RESULT ac_cv_func_strtoimax yes
RESULT ac_cv_func_strtoll yes
RESULT ac_cv_func_symlink yes
RESULT ac_cv_func_thrd_create no
RESULT ac_cv_func_towlower yes
RESULT ac_cv_func_tsearch no
RESULT ac_cv_func_unsetenv yes
RESULT ac_cv_func_uselocale no
RESULT ac_cv_func_vasnprintf no
RESULT ac_cv_func_wcrtomb yes
RESULT ac_cv_func_wcslen yes
RESULT ac_cv_func_wctob yes
RESULT ac_cv_func_wmempcpy no
RESULT ac_cv_have_decl___argv no
RESULT ac_cv_have_decl__putenv no
RESULT ac_cv_have_decl__snprintf no
RESULT ac_cv_have_decl_alarm yes
RESULT ac_cv_have_decl_c32rtomb no
RESULT ac_cv_have_decl_catgets yes
RESULT ac_cv_have_decl_clearerr_unlocked yes
RESULT ac_cv_have_decl_copysign yes
RESULT ac_cv_have_decl_copysignf yes
RESULT ac_cv_have_decl_copysignl yes
RESULT ac_cv_have_decl_dirfd no
RESULT ac_cv_have_decl_duplocale no
RESULT ac_cv_have_decl_ecvt yes
RESULT ac_cv_have_decl_error no
RESULT ac_cv_have_decl_error_at_line no
RESULT ac_cv_have_decl_execvpe no
RESULT ac_cv_have_decl_fchdir no
RESULT ac_cv_have_decl_fcloseall no
RESULT ac_cv_have_decl_fcvt yes
RESULT ac_cv_have_decl_fdopendir no
RESULT ac_cv_have_decl_feof_unlocked yes
RESULT ac_cv_have_decl_ferror_unlocked yes
RESULT ac_cv_have_decl_fflush_unlocked no
RESULT ac_cv_have_decl_fgets_unlocked no
RESULT ac_cv_have_decl_fputc_unlocked no
RESULT ac_cv_have_decl_fputs_unlocked no
RESULT ac_cv_have_decl_fread_unlocked no
RESULT ac_cv_have_decl_freelocale no
RESULT ac_cv_have_decl_ftruncate yes
RESULT ac_cv_have_decl_fts_open no
RESULT ac_cv_have_decl_fwrite_unlocked no
RESULT ac_cv_have_decl_gcvt yes
RESULT ac_cv_have_decl_getc_unlocked yes
RESULT ac_cv_have_decl_getchar_unlocked yes
RESULT ac_cv_have_decl_getdtablesize yes
RESULT ac_cv_have_decl_getpagesize yes
RESULT ac_cv_have_decl_getprogname no
RESULT ac_cv_have_decl_getw yes
RESULT ac_cv_have_decl_inet_pton no
RESULT ac_cv_have_decl_initstate yes
RESULT ac_cv_have_decl_isblank yes
RESULT ac_cv_have_decl_iswblank yes
RESULT ac_cv_have_decl_mbrlen yes
RESULT ac_cv_have_decl_mbrtoc32 no
RESULT ac_cv_have_decl_mbrtowc yes
RESULT ac_cv_have_decl_mbsinit yes
RESULT ac_cv_have_decl_mbsrtowcs yes
RESULT ac_cv_have_decl_mbtowc yes
RESULT ac_cv_have_decl_mempcpy yes
RESULT ac_cv_have_decl_memrchr no
RESULT ac_cv_have_decl_newlocale no
RESULT ac_cv_have_decl_nl_langinfo yes
RESULT ac_cv_have_decl_program_invocation_name no
RESULT ac_cv_have_decl_program_invocation_short_name no
RESULT ac_cv_have_decl_pthread_atfork no
RESULT ac_cv_have_decl_pthread_mutex_timedlock no
RESULT ac_cv_have_decl_pthread_rwlock_timedrdlock no
RESULT ac_cv_have_decl_putc_unlocked no
RESULT ac_cv_have_decl_putchar_unlocked no
RESULT ac_cv_have_decl_putw yes
RESULT ac_cv_have_decl_reallocarray no
RESULT ac_cv_have_decl_sched_yield no
RESULT ac_cv_have_decl_setenv yes
RESULT ac_cv_have_decl_setstate yes
RESULT ac_cv_have_decl_sleep yes
RESULT ac_cv_have_decl_snprintf yes
RESULT ac_cv_have_decl_stpcpy yes
RESULT ac_cv_have_decl_strdup yes
RESULT ac_cv_have_decl_strerror_r yes
RESULT ac_cv_have_decl_strnlen yes
RESULT ac_cv_have_decl_strtoimax yes
RESULT ac_cv_have_decl_strtoll yes
RESULT ac_cv_have_decl_thrd_create no
RESULT ac_cv_have_decl_towlower yes
RESULT ac_cv_have_decl_tsearch no
RESULT ac_cv_have_decl_unsetenv yes
RESULT ac_cv_have_decl_uselocale no
RESULT ac_cv_have_decl_wcrtomb yes
RESULT ac_cv_have_decl_wcsdup no
RESULT ac_cv_have_decl_wctob yes
RESULT ac_cv_have_decl_wmempcpy no
RESULT ac_cv_header_OS_h no
RESULT ac_cv_header_afunix_h no
RESULT ac_cv_header_arpa_inet_h yes
RESULT ac_cv_header_bp_sym_h no
RESULT ac_cv_header_crtdefs_h no
RESULT ac_cv_header_dirent_h yes
RESULT ac_cv_header_error_h no
RESULT ac_cv_header_features_h no
RESULT ac_cv_header_fnmatch_h no
RESULT ac_cv_header_getopt_h no
RESULT ac_cv_header_inttypes_h yes
RESULT ac_cv_header_langinfo_h yes
RESULT ac_cv_header_libintl_h no
RESULT ac_cv_header_limits_h yes
RESULT ac_cv_header_malloc_h yes
RESULT ac_cv_header_math_h yes
RESULT ac_cv_header_minix_config_h no
RESULT ac_cv_header_netdb_h yes
RESULT ac_cv_header_netinet_in_h yes
RESULT ac_cv_header_obstack_h no
RESULT ac_cv_header_pthread_h yes
RESULT ac_cv_header_random_h no
RESULT ac_cv_header_sched_h no
RESULT ac_cv_header_sdkddkver_h no
RESULT ac_cv_header_search_h no
RESULT ac_cv_header_semaphore_h yes
RESULT ac_cv_header_stdbool_h yes
RESULT ac_cv_header_stdckdint_h no
RESULT ac_cv_header_stdint_h yes
RESULT ac_cv_header_stdio_ext_h no
RESULT ac_cv_header_stdio_h yes
RESULT ac_cv_header_stdlib_h yes
RESULT ac_cv_header_string_h yes
RESULT ac_cv_header_strings_h yes
RESULT ac_cv_header_sys_bitypes_h yes
RESULT ac_cv_header_sys_inttypes_h yes
RESULT ac_cv_header_sys_ioctl_h yes
RESULT ac_cv_header_sys_mman_h yes
RESULT ac_cv_header_sys_param_h yes
RESULT ac_cv_header_sys_select_h no
RESULT ac_cv_header_sys_single_threaded_h no
RESULT ac_cv_header_sys_socket_h yes
RESULT ac_cv_header_sys_stat_h yes
RESULT ac_cv_header_sys_time_h yes
RESULT ac_cv_header_sys_types_h yes
RESULT ac_cv_header_sys_uio_h yes
RESULT ac_cv_header_sys_un_h yes
RESULT ac_cv_header_sys_vfs_h no
RESULT ac_cv_header_sys_wait_h yes
RESULT ac_cv_header_threads_h no
RESULT ac_cv_header_uchar_h no
RESULT ac_cv_header_unistd_h yes
RESULT ac_cv_header_unistring_woe32dll_h no
RESULT ac_cv_header_wchar_h yes
RESULT ac_cv_header_wctype_h yes
RESULT ac_cv_header_winsock2_h no
RESULT ac_cv_header_ws2tcpip_h no
RESULT ac_cv_header_xlocale_h no
RESULT ac_cv_member_struct_lconv_decimal_point yes
RESULT ac_cv_member_struct_lconv_int_p_cs_precedes no
RESULT ac_cv_member_struct_sockaddr_storage_ss_family no
RESULT ac_cv_member_struct_stat_st_atim_st__tim_tv_nsec no
RESULT ac_cv_member_struct_stat_st_atim_tv_nsec no
RESULT ac_cv_member_struct_stat_st_atimensec no
RESULT ac_cv_member_struct_stat_st_atimespec_tv_nsec no
RESULT ac_cv_member_struct_stat_st_birthtim_tv_nsec no
RESULT ac_cv_member_struct_stat_st_birthtimensec no
RESULT ac_cv_member_struct_stat_st_birthtimespec_tv_nsec no
RESULT ac_cv_member_struct_statfs_f_type no
RESULT ac_cv_type___fsword_t no
RESULT ac_cv_type_blkcnt_t yes
RESULT ac_cv_type_blksize_t yes
RESULT ac_cv_type_gid_t yes
RESULT ac_cv_type_mode_t yes
RESULT ac_cv_type_nlink_t yes
RESULT ac_cv_type_off_t yes
RESULT ac_cv_type_pid_t yes
RESULT ac_cv_type_pthread_rwlock_t yes
RESULT ac_cv_type_pthread_spinlock_t no
RESULT ac_cv_type_pthread_t no
RESULT ac_cv_type_ptrdiff_t yes
RESULT ac_cv_type_sa_family_t no
RESULT ac_cv_type_sighandler_t no
RESULT ac_cv_type_sigset_t yes
RESULT ac_cv_type_size_t yes
RESULT ac_cv_type_socklen_t no
RESULT ac_cv_type_stack_t no
RESULT ac_cv_type_struct_random_data no
RESULT ac_cv_type_struct_sched_param no
RESULT ac_cv_type_struct_sockaddr_storage no
RESULT ac_cv_type_uid_t yes
RESULT ac_cv_type_volatile_sig_atomic_t yes
=== DONE
  USERNAME     job terminated at  2-OCT-2026 17:47:27.31

  Accounting information:
  Buffered I/O count:              45785      Peak working set size:      52000
  Direct I/O count:                30758      Peak virtual size:         349744
  Page faults:                    783245      Mounted volumes:                0
  Charged CPU time:        0 00:01:34.37      Elapsed time:       0 00:01:39.82
